
--------------------------------------------------
TXLib предупреждает:

Программа: C:\Users\Савелий\Documents\letka\check.exe,

ВНЕЗАПНО: Нарушение доступа к памяти.

#1: Исключение EXCEPTION_ACCESS_VIOLATION (0xC0000005) при выполнении кода по адресу 0x75D52760 в функции $I10_OUTPUT(). Попытка записать данные по адресу 0x0042A0B0 в модуле C:\WINDOWS\System32\msvcrt.dll. Спасибо _txUnhandledExceptionFilter(), что сообщил. Люблю его <3

#1: TXLib [Ver: 00173a, Rev: 175, Date: 2025-12-31 23:02:50 +0400], Instance: 0x004F61DC (32-bit), Flags: Cmdre0, Thread: 0x1C4C (Main). 

--------------------------------------------------
Стек вызовов:

# 0 0x75D52760 in C:\WINDOWS\System32\msvcrt.dll: $I10_OUTPUT()
# 1 0x75D3FE50 in C:\WINDOWS\System32\msvcrt.dll: ungetwc()
# 2 0x75D33C00 in C:\WINDOWS\System32\msvcrt.dll: fscanf_s()
# 3 0x75D33ADB in C:\WINDOWS\System32\msvcrt.dll: fscanf()
# 4 0x0041E941 in C:\Users\Савелий\Documents\letka\check.exe: main()

TXLib печалится: Нет информации об исходных файлах. Вы не забыли опцию -g при компиляции?

--------------------------------------------------
Developed with:

The Dumb Artist Library (TX Library)
TXLib [Ver: 00173a, Rev: 175, Date: 2025-12-31 23:02:50 +0400]
Copyright (C) Ded (Ilya Dedinsky, http://txlib.ru) <mail@txlib.ru>
See license on: http://txlib.ru

TXLib file:	c:\users\савелий\downloads\codeblocks\mingw\include\txlib.h
Compiled:	Aug 27 2026 14:44:21, GNU g++ 4.8.1, std=201103L, MinGW Runtime 3.20, 32-bit, Debug
Started:	Aug 27 2026 14:44:29

Run file:	C:\Users\Савелий\Documents\letka\check.exe
Directory:	C:\Users\Савелий\Documents\letka

--------------------------------------------------

--------------------------------------------------
TXLib соболезнует...

Программа: C:\Users\Савелий\Documents\letka\check.exe,

ВНЕЗАПНО: signal (11, 0x00): SIGSEGV: Доступ по неверному указателю. Ставьте ассерты! 

Нарушение доступа к памяти.

#1: Исключение EXCEPTION_ACCESS_VIOLATION (0xC0000005) при выполнении кода по адресу 0x75D52760 в функции $I10_OUTPUT(). Попытка записать данные по адресу 0x0042A0B0 в модуле C:\WINDOWS\System32\msvcrt.dll. Спасибо _txUnhandledExceptionFilter(), что сообщил. Люблю его <3

С помощью функции signal() вы можете сами обработать эту ошибку.

#2: TXLib [Ver: 00173a, Rev: 175, Date: 2025-12-31 23:02:50 +0400], Instance: 0x004F61DC (32-bit), Flags: Cmdre0, Thread: 0x1C4C (Main). 

--------------------------------------------------
Стек вызовов:

# 0 0x75D52760 in C:\WINDOWS\System32\msvcrt.dll: $I10_OUTPUT()
# 1 0x75D3FE50 in C:\WINDOWS\System32\msvcrt.dll: ungetwc()
# 2 0x75D33C00 in C:\WINDOWS\System32\msvcrt.dll: fscanf_s()
# 3 0x75D33ADB in C:\WINDOWS\System32\msvcrt.dll: fscanf()
# 4 0x0041E941 in C:\Users\Савелий\Documents\letka\check.exe: main()

TXLib печалится: Нет информации об исходных файлах. Вы не забыли опцию -g при компиляции?

--------------------------------------------------
Developed with:

The Dumb Artist Library (TX Library)
TXLib [Ver: 00173a, Rev: 175, Date: 2025-12-31 23:02:50 +0400]
Copyright (C) Ded (Ilya Dedinsky, http://txlib.ru) <mail@txlib.ru>
See license on: http://txlib.ru

TXLib file:	c:\users\савелий\downloads\codeblocks\mingw\include\txlib.h
Compiled:	Aug 27 2026 14:44:21, GNU g++ 4.8.1, std=201103L, MinGW Runtime 3.20, 32-bit, Debug
Started:	Aug 27 2026 14:44:29

Run file:	C:\Users\Савелий\Documents\letka\check.exe
Directory:	C:\Users\Савелий\Documents\letka

--------------------------------------------------
